// Jest Snapshot v1, https://goo.gl/fbAQLP

exports[`@studiometa/js-toolkit/utils exports should export all scripts 1`] = `
Array [
  "boundingRectToCircle",
  "clamp",
  "clamp01",
  "collideCircleCircle",
  "collideCircleRect",
  "collidePointCircle",
  "collidePointRect",
  "collideRectRect",
  "damp",
  "debounce",
  "focusTrap",
  "historyPush",
  "historyReplace",
  "inertiaFinalValue",
  "keyCodes",
  "lerp",
  "map",
  "matrix",
  "memoize",
  "nextFrame",
  "objectToURLSearchParams",
  "round",
  "throttle",
  "transition",
  "withLeadingCharacters",
  "withLeadingSlash",
  "withTrailingCharacters",
  "withTrailingSlash",
  "withoutLeadingCharacters",
  "withoutLeadingCharactersRecursive",
  "withoutLeadingSlash",
  "withoutTrailingCharacters",
  "withoutTrailingCharactersRecursive",
  "withoutTrailingSlash",
]
`;
