// Jest Snapshot v1, https://goo.gl/fbAQLP

exports[`A Base instance config should have a working debug method when active in dev mode 1`] = `
Array [
  Array [
    "[debug] [Foo-36]",
    "constructor",
    Foo {
      "$el": <div />,
      "$id": "Foo-36",
      "$isMounted": true,
      "$parent": null,
      "__children": ChildrenManager {},
      "__eventHandlers": Map {},
      "__events": EventsManager {},
      "__options": OptionsManager {
        "debug": true,
        "log": false,
        "name": "Foo",
      },
      "__refs": RefsManager {},
      "__services": ServicesManager {
        "__customServices": Object {},
      },
    },
  ],
  Array [
    "[debug] [Foo-36]",
    "$mount",
  ],
  Array [
    "[debug] [Foo-36]",
    "$emit",
    "get:children",
    Array [
      ChildrenManager {},
    ],
  ],
  Array [
    "[debug] [Foo-36]",
    "$emit",
    "get:refs",
    Array [
      RefsManager {},
    ],
  ],
  Array [
    "[debug] [Foo-36]",
    "$emit",
    "get:services",
    Array [
      ServicesManager {
        "__customServices": Object {},
      },
    ],
  ],
  Array [
    "[debug] [Foo-36]",
    "$emit",
    "get:children",
    Array [
      ChildrenManager {},
    ],
  ],
  Array [
    "[debug] [Foo-36]",
    "callMethod",
    "mounted",
  ],
  Array [
    "[debug] [Foo-36]",
    "$emit",
    "mounted",
    Array [],
  ],
]
`;
